<html>
<body>
<pre>
<h1>µVision Build Log</h1>
<h2>Tool Versions:</h2>
IDE-Version: µVision V5.29.0.0
Copyright (C) 2019 ARM Ltd and ARM Germany GmbH. All rights reserved.
License Information: Shreef Mohamed , Ain shams university, LIC=----
 
Tool Versions:
Toolchain:       MDK-Lite  Version: 5.29.0.0
Toolchain Path:  C:\Keil_v5\ARM\ARMCC\Bin
C Compiler:      Armcc.exe V5.06 update 6 (build 750)
Assembler:       Armasm.exe V5.06 update 6 (build 750)
Linker/Locator:  ArmLink.exe V5.06 update 6 (build 750)
Library Manager: ArmAr.exe V5.06 update 6 (build 750)
Hex Converter:   FromElf.exe V5.06 update 6 (build 750)
CPU DLL:         SARMCM3.DLL V5.29.0.0
Dialog DLL:      DCM.DLL V1.17.3.0
Target DLL:      lmidk-agdi.dll V???
Dialog DLL:      TCM.DLL V1.36.5.0
 
<h2>Project:</h2>
D:\courses\Embedded Systems\Tiva C\Password-Based-DoorLock-system\Lock_Door.uvprojx
Project File Date:  02/24/2020

<h2>Output:</h2>
*** Using Compiler 'V5.06 update 6 (build 750)', folder: 'C:\Keil_v5\ARM\ARMCC\Bin'
Rebuild target 'Target 1'
compiling main.c...
LCD/lcd.h(49): warning:  #1295-D: Deprecated declaration LCD_Clear - give arg types
  void LCD_Clear();
LCD/lcd.h(55): warning:  #1295-D: Deprecated declaration LCD_Shift_Cursor_Left - give arg types
  void LCD_Shift_Cursor_Left();
LCD/lcd.h(56): warning:  #1295-D: Deprecated declaration LCD_Shift_Cursor_Right - give arg types
  void LCD_Shift_Cursor_Right();
LCD/lcd.h(57): warning:  #1295-D: Deprecated declaration LCD_Shift_Cursor_Up - give arg types
  void LCD_Shift_Cursor_Up();
LCD/lcd.h(58): warning:  #1295-D: Deprecated declaration LCD_Shift_Cursor_Down - give arg types
  void LCD_Shift_Cursor_Down();
LCD/lcd.h(60): warning:  #1295-D: Deprecated declaration LCD_Back - give arg types
  void LCD_Back();
LCD/lcd.h(61): warning:  #1295-D: Deprecated declaration LCD_Blink - give arg types
  void LCD_Blink();
UART/uart.h(112): warning:  #1-D: last line of file ends without a newline
  #endif
main.c(5): warning:  #1295-D: Deprecated declaration test_LCD - give arg types
  void test_LCD();
main.c(71): warning:  #1-D: last line of file ends without a newline
  }
main.c(37): warning:  #177-D: variable "x1"  was declared but never referenced
  	char * x1 = "Amr" ;
main.c(39): warning:  #177-D: variable "x3"  was declared but never referenced
  	char * x3 = "Tasnim" ;
main.c: 12 warnings, 0 errors
compiling uart.c...
UART\uart.h(112): warning:  #1-D: last line of file ends without a newline
  #endif
UART\uart.c(59): warning:  #1035-D: single-precision operand implicitly converted to double-precision
          UART0_FBRD_R = (uint8_t)((baudRateDivisor*64)+0.5 );
UART\uart.c(67): warning:  #1035-D: single-precision operand implicitly converted to double-precision
          UART0_FBRD_R = (uint8_t)((baudRateDivisor*64)+0.5 );
UART\uart.c(265): warning:  #1035-D: single-precision operand implicitly converted to double-precision
          UART4_FBRD_R = (uint8_t)((baudRateDivisor*64)+0.5 );
UART\uart.c(273): warning:  #1035-D: single-precision operand implicitly converted to double-precision
          UART4_FBRD_R = (uint8_t)((baudRateDivisor*64)+0.5 );
UART\uart.c: 5 warnings, 0 errors
compiling LCD.c...
LCD\lcd.h(49): warning:  #1295-D: Deprecated declaration LCD_Clear - give arg types
  void LCD_Clear();
LCD\lcd.h(55): warning:  #1295-D: Deprecated declaration LCD_Shift_Cursor_Left - give arg types
  void LCD_Shift_Cursor_Left();
LCD\lcd.h(56): warning:  #1295-D: Deprecated declaration LCD_Shift_Cursor_Right - give arg types
  void LCD_Shift_Cursor_Right();
LCD\lcd.h(57): warning:  #1295-D: Deprecated declaration LCD_Shift_Cursor_Up - give arg types
  void LCD_Shift_Cursor_Up();
LCD\lcd.h(58): warning:  #1295-D: Deprecated declaration LCD_Shift_Cursor_Down - give arg types
  void LCD_Shift_Cursor_Down();
LCD\lcd.h(60): warning:  #1295-D: Deprecated declaration LCD_Back - give arg types
  void LCD_Back();
LCD\lcd.h(61): warning:  #1295-D: Deprecated declaration LCD_Blink - give arg types
  void LCD_Blink();
LCD\LCD.c(4): warning:  #1295-D: Deprecated declaration LCD_Handle_Cursor - give arg types
  void LCD_Handle_Cursor();
LCD\LCD.c(6): warning:  #1295-D: Deprecated declaration LCD_Delay - give arg types
  void LCD_Delay();
LCD\LCD.c(118): warning:  #186-D: pointless comparison of unsigned integer with zero
  	if( (row != 0 && row != 1 ) || col < 0 || col > 15 ) // if the user is not ray2 and enter a num out of the range
LCD\LCD.c(239): warning:  #1-D: last line of file ends without a newline
  } 
LCD\LCD.c: 11 warnings, 0 errors
assembling startup_TM4C123.s...
compiling system_TM4C123.c...
linking...
Program Size: Code=2892 RO-data=648 RW-data=0 ZI-data=608  
".\Objects\Lock_Door.axf" - 0 Error(s), 28 Warning(s).

<h2>Software Packages used:</h2>

Package Vendor: ARM
                http://www.keil.com/pack/ARM.CMSIS.5.6.0.pack
                ARM.CMSIS.5.6.0
                CMSIS (Cortex Microcontroller Software Interface Standard)
   * Component: CORE Version: 5.3.0

Package Vendor: Keil
                http://www.keil.com/pack/Keil.TM4C_DFP.1.1.0.pack
                Keil.TM4C_DFP.1.1.0
                Texas Instruments Tiva C Series Device Support and Examples
   * Component: Startup Version: 1.0.1

<h2>Collection of Component include folders:</h2>
  .\RTE\_Target_1
  C:\Users\LENOVO\AppData\Local\Arm\Packs\ARM\CMSIS\5.6.0\CMSIS\Core\Include
  C:\Users\LENOVO\AppData\Local\Arm\Packs\Keil\TM4C_DFP\1.1.0\Device\Include\TM4C123

<h2>Collection of Component Files used:</h2>

   * Component: ARM::CMSIS:CORE:5.3.0

   * Component: Keil::Device:Startup:1.0.1
      Include file:  Device\Include\TM4C123\TM4C123.h
      Source file:   Device\Source\system_TM4C123.c
      Source file:   Device\Source\ARM\startup_TM4C123.s
Build Time Elapsed:  00:00:02
</pre>
</body>
</html>
