<html>
<body>
<pre>
<h1>µVision Build Log</h1>
<h2>Tool Versions:</h2>
IDE-Version: µVision V5.29.0.0
Copyright (C) 2019 ARM Ltd and ARM Germany GmbH. All rights reserved.
License Information: Tasnim Ahmed, none, LIC=----
 
Tool Versions:
Toolchain:       MDK-Lite  Version: 5.29.0.0
Toolchain Path:  D:\FSUK\Keil\ARM\ARMCC\Bin
C Compiler:      Armcc.exe V5.06 update 6 (build 750)
Assembler:       Armasm.exe V5.06 update 6 (build 750)
Linker/Locator:  ArmLink.exe V5.06 update 6 (build 750)
Library Manager: ArmAr.exe V5.06 update 6 (build 750)
Hex Converter:   FromElf.exe V5.06 update 6 (build 750)
CPU DLL:         SARMCM3.DLL V5.29.0.0
Dialog DLL:      DCM.DLL V1.17.3.0
Target DLL:      lmidk-agdi.dll V???
Dialog DLL:      TCM.DLL V1.36.5.0
 
<h2>Project:</h2>
D:\College projects\new-tiva\Password-Based-DoorLock-system\Lock_Door.uvprojx
Project File Date:  02/27/2020

<h2>Output:</h2>
*** Using Compiler 'V5.06 update 6 (build 750)', folder: 'D:\FSUK\Keil\ARM\ARMCC\Bin'
Build target 'Target 1'
assembling startup_TM4C123.s...
compiling EEPROM.c...
GPIO_Drivers\EEPROM.h(12): warning:  #1-D: last line of file ends without a newline
  #endif
GPIO_Drivers\EEPROM.c(32): warning:  #1-D: last line of file ends without a newline
  }
GPIO_Drivers\EEPROM.c: 2 warnings, 0 errors
compiling GPIO.c...
compiling LCD.c...
LCD\lcd.h(51): warning:  #1295-D: Deprecated declaration LCD_Clear - give arg types
  void LCD_Clear();
LCD\lcd.h(57): warning:  #1295-D: Deprecated declaration LCD_Shift_Cursor_Left - give arg types
  void LCD_Shift_Cursor_Left();
LCD\lcd.h(58): warning:  #1295-D: Deprecated declaration LCD_Shift_Cursor_Right - give arg types
  void LCD_Shift_Cursor_Right();
LCD\lcd.h(59): warning:  #1295-D: Deprecated declaration LCD_Shift_Cursor_Up - give arg types
  void LCD_Shift_Cursor_Up();
LCD\lcd.h(60): warning:  #1295-D: Deprecated declaration LCD_Shift_Cursor_Down - give arg types
  void LCD_Shift_Cursor_Down();
LCD\lcd.h(62): warning:  #1295-D: Deprecated declaration LCD_Back - give arg types
  void LCD_Back();
LCD\lcd.h(63): warning:  #1295-D: Deprecated declaration LCD_Blink - give arg types
  void LCD_Blink();
LCD\LCD.c(4): warning:  #1295-D: Deprecated declaration LCD_Handle_Cursor - give arg types
  void LCD_Handle_Cursor();
LCD\LCD.c(6): warning:  #1295-D: Deprecated declaration LCD_Delay - give arg types
  void LCD_Delay();
LCD\LCD.c(120): warning:  #186-D: pointless comparison of unsigned integer with zero
  	if( (row != 0 && row != 1 ) || col < 0 || col > 15 ) // if the user is not ray2 and enter a num out of the range
LCD\LCD.c(241): warning:  #1-D: last line of file ends without a newline
  } 
LCD\LCD.c: 11 warnings, 0 errors
compiling keypad.c...
Keypad\keypad.h(38): warning:  #1-D: last line of file ends without a newline
  #endif
Keypad\keypad.c(43): warning:  #1-D: last line of file ends without a newline
  }
Keypad\keypad.c: 2 warnings, 0 errors
compiling main.c...
LCD/lcd.h(51): warning:  #1295-D: Deprecated declaration LCD_Clear - give arg types
  void LCD_Clear();
LCD/lcd.h(57): warning:  #1295-D: Deprecated declaration LCD_Shift_Cursor_Left - give arg types
  void LCD_Shift_Cursor_Left();
LCD/lcd.h(58): warning:  #1295-D: Deprecated declaration LCD_Shift_Cursor_Right - give arg types
  void LCD_Shift_Cursor_Right();
LCD/lcd.h(59): warning:  #1295-D: Deprecated declaration LCD_Shift_Cursor_Up - give arg types
  void LCD_Shift_Cursor_Up();
LCD/lcd.h(60): warning:  #1295-D: Deprecated declaration LCD_Shift_Cursor_Down - give arg types
  void LCD_Shift_Cursor_Down();
LCD/lcd.h(62): warning:  #1295-D: Deprecated declaration LCD_Back - give arg types
  void LCD_Back();
LCD/lcd.h(63): warning:  #1295-D: Deprecated declaration LCD_Blink - give arg types
  void LCD_Blink();
Keypad/keypad.h(38): warning:  #1-D: last line of file ends without a newline
  #endif
GPIO_Drivers/EEPROM.h(12): warning:  #1-D: last line of file ends without a newline
  #endif
main.c(12): warning:  #1295-D: Deprecated declaration test_LCD - give arg types
  void test_LCD();
main.c(13): warning:  #1295-D: Deprecated declaration UART_Config - give arg types
  void UART_Config(); 
main.c(14): warning:  #1295-D: Deprecated declaration test_LCD - give arg types
  void test_LCD();
main.c(15): warning:  #1295-D: Deprecated declaration password_approved - give arg types
  void password_approved();
main.c(16): warning:  #1295-D: Deprecated declaration Login - give arg types
  void Login();
main.c(37): warning:  #188-D: enumerated type mixed with another type
  	portApin2.AlternateFunctionSelect = 0;
main.c(38): warning:  #188-D: enumerated type mixed with another type
  	portApin2.AnalogModeSelect = 0;
main.c(39): warning:  #188-D: enumerated type mixed with another type
  	portApin2.Commit = 1;
main.c(40): warning:  #188-D: enumerated type mixed with another type
  	portApin2.DigitalEnable = 1;
main.c(41): warning:  #188-D: enumerated type mixed with another type
  	portApin2.Direction = Output;
main.c(42): warning:  #188-D: enumerated type mixed with another type
  	portApin2.Lock = 1;
main.c(44): warning:  #188-D: enumerated type mixed with another type
  	portApin2.PullDownSelect = 0;
main.c(45): warning:  #188-D: enumerated type mixed with another type
  	portApin2.PullUpSelect = 0;
main.c(53): warning:  #188-D: enumerated type mixed with another type
  	portDpin3.AlternateFunctionSelect = 0;
main.c(54): warning:  #188-D: enumerated type mixed with another type
  	portDpin3.AnalogModeSelect = 0;
main.c(55): warning:  #188-D: enumerated type mixed with another type
  	portDpin3.Commit = 1;
main.c(56): warning:  #188-D: enumerated type mixed with another type
  	portDpin3.DigitalEnable = 1;
main.c(57): warning:  #188-D: enumerated type mixed with another type
  	portDpin3.Direction = Output;
main.c(59): warning:  #188-D: enumerated type mixed with another type
  	portDpin3.PullDownSelect = 0;
main.c(60): warning:  #188-D: enumerated type mixed with another type
  	portDpin3.PullUpSelect = 0;
main.c(67): warning:  #188-D: enumerated type mixed with another type
  	EEPROM_Init(0);
main.c(69): warning:  #177-D: variable "flag"  was declared but never referenced
  	uint16_t flag=1;
main.c(114): warning:  #188-D: enumerated type mixed with another type
  					return 0;
main.c(117): warning:  #188-D: enumerated type mixed with another type
  	return 1;
main.c: 33 warnings, 0 errors
compiling uart.c...
UART\uart.h(112): warning:  #1-D: last line of file ends without a newline
  #endif
UART\uart.c(59): warning:  #1035-D: single-precision operand implicitly converted to double-precision
          UART0_FBRD_R = (uint8_t)((baudRateDivisor*64)+0.5 );
UART\uart.c(67): warning:  #1035-D: single-precision operand implicitly converted to double-precision
          UART0_FBRD_R = (uint8_t)((baudRateDivisor*64)+0.5 );
UART\uart.c(265): warning:  #1035-D: single-precision operand implicitly converted to double-precision
          UART4_FBRD_R = (uint8_t)((baudRateDivisor*64)+0.5 );
UART\uart.c(273): warning:  #1035-D: single-precision operand implicitly converted to double-precision
          UART4_FBRD_R = (uint8_t)((baudRateDivisor*64)+0.5 );
UART\uart.c: 5 warnings, 0 errors
compiling system_TM4C123.c...
linking...
Program Size: Code=7640 RO-data=652 RW-data=32 ZI-data=608  
".\Objects\Lock_Door.axf" - 0 Error(s), 53 Warning(s).

<h2>Software Packages used:</h2>

Package Vendor: ARM
                http://www.keil.com/pack/ARM.CMSIS.5.6.0.pack
                ARM.CMSIS.5.6.0
                CMSIS (Cortex Microcontroller Software Interface Standard)
   * Component: CORE Version: 5.3.0

Package Vendor: Keil
                http://www.keil.com/pack/Keil.TM4C_DFP.1.1.0.pack
                Keil.TM4C_DFP.1.1.0
                Texas Instruments Tiva C Series Device Support and Examples
   * Component: Startup Version: 1.0.1

<h2>Collection of Component include folders:</h2>
  .\RTE\_Target_1
  D:\FSUK\Keil\ARM\CMSIS\5.6.0\CMSIS\Core\Include
  D:\FSUK\Keil\Keil\TM4C_DFP\1.1.0\Device\Include\TM4C123

<h2>Collection of Component Files used:</h2>

   * Component: ARM::CMSIS:CORE:5.3.0

   * Component: Keil::Device:Startup:1.0.1
      Include file:  Device\Include\TM4C123\TM4C123.h
      Source file:   Device\Source\ARM\startup_TM4C123.s
      Source file:   Device\Source\system_TM4C123.c
Build Time Elapsed:  00:00:02
</pre>
</body>
</html>
